Microchip MPLAB XC8 Compiler V2.10 ()

Linker command line:

-W-3 --edf=C:\Program Files (x86)\Microchip\xc8\v2.10\pic\dat\en_msgs.txt \
  -cs -h+dist/default/production\16F877A_ADC.X.production.sym \
  --cmf=dist/default/production\16F877A_ADC.X.production.cmf -z -Q16F877A \
  -oC:\Users\JBSNIP~1\AppData\Local\Temp\sc5k.2 --defsym=__MPLAB_BUILD=1 \
  -Mdist/default/production/16F877A_ADC.X.production.map -E1 -ver=XC8 \
  --acfsm=1493 -ASTACK=0110h-016Fh -pstack=STACK -ACODE=00h-07FFhx4 \
  -ASTRCODE=00h-01FFFh -ASTRING=00h-0FFhx32 -ACONST=00h-0FFhx32 \
  -AENTRY=00h-0FFhx32 -ACOMMON=070h-07Fh -ABANK0=020h-06Fh \
  -ABANK1=0A0h-0EFh -ABANK2=0110h-016Fh -ABANK3=0190h-01EFh \
  -ARAM=020h-06Fh,0A0h-0EFh,0110h-016Fh,0190h-01EFh \
  -AABS1=020h-07Fh,0A0h-0EFh,0110h-016Fh,0190h-01EFh -ASFR0=00h-01Fh \
  -ASFR1=080h-09Fh -ASFR2=0100h-010Fh -ASFR3=0180h-018Fh \
  -preset_vec=00h,intentry,init,end_init -ppowerup=CODE -pcinit=CODE \
  -pfunctab=ENTRY -ACONFIG=02007h-02007h -pconfig=CONFIG -DCONFIG=2 \
  -AIDLOC=02000h-02003h -pidloc=IDLOC -DIDLOC=2 -AEEDATA=00h-0FFh/02100h \
  -peeprom_data=EEDATA -DEEDATA=2 -DCODE=2 -DSTRCODE=2 -DSTRING=2 -DCONST=2 \
  -DENTRY=2 -k C:\Users\JBSNIP~1\AppData\Local\Temp\sc5k.o \
  dist/default/production\16F877A_ADC.X.production.o 

Object code version is 3.11

Machine type is 16F877A



                Name                               Link     Load   Length Selector   Space Scale
C:\Users\JBSNIP~1\AppData\Local\Temp\sc5k.o
                end_init                              0        0        3        0       0
                config                             2007     2007        1     400E       0
dist/default/production\16F877A_ADC.X.production.o
                cinit                               7D3      7D3       2D      FA6       0
                text35                             1AF4     1AF4       14     35E8       0
                text34                             1ABD     1ABD       12     357A       0
                text33                             1BCF     1BCF       26     379E       0
                text32                             1B08     1B08       18     3610       0
                text31                             1B20     1B20       1A     3640       0
                text30                             1B3A     1B3A       1A     3674       0
                text29                             1C47     1C47       2E     388E       0
                text28                             1B8B     1B8B       1F     3716       0
                text27                             1B6E     1B6E       1D     36DC       0
                text26                             118A     118A      1E3     2314       0
                text25                              8D2      8D2        5     11A4       0
                text24                             1B54     1B54       1A     36A8       0
                text23                             1C1C     1C1C       2B     3838       0
                text22                             1CF3     1CF3       4E     39E6       0
                text21                             1EA4     1EA4       A2     3D48       0
                text20                                7        7        B        E       0
                text19                             1578     1578      288     2AF0       0
                text18                             1D41     1D41       50     3A82       0
                text17                               12       12       7C       24       0
                text16                             1E3E     1E3E       66     3C7C       0
                text15                             1D91     1D91       54     3B22       0
                text14                             1BAA     1BAA       25     3754       0
                text13                             1F46     1F46       BA     3E8C       0
                text12                             10CC     10CC       BE     2198       0
                text11                             100F     100F       BD     201E       0
                text10                             1BF5     1BF5       27     37EA       0
                text9                               C9F      C9F      361     193E       0
                text8                              1CAF     1CAF       44     395E       0
                text7                              1C75     1C75       3A     38EA       0
                text6                              136D     136D      20B     26DA       0
                text5                              1ACF     1ACF       12     359E       0
                text4                               8D7      8D7       69     11AE       0
                text3                              1DE5     1DE5       59     3BCA       0
                text2                               940      940      35F     1280       0
                text1                               199      199      63A      332       0
                maintext                             8E       8E      10B      11C       0
                cstackBANK0                          20       20       4F       20       1
                cstackCOMMON                         70       70        E       70       1
                cstackBANK1                          A0       A0       4C       A0       1
                clrtext                            1AB5     1AB5        8     356A       0
                inittext                           1AE1     1AE1       13     35C2       0
                dataBANK3                           1B6      1B6        9      190       1
                bssBANK3                            190      190       26      190       1
                dataBANK1                            EE       EE        2       A0       1
                bssBANK1                             EC       EC        2       A0       1
                bssBANK0                             6F       6F        1       20       1
                strings                             800      800       D0     1000       0
                idataBANK3                         1006     1006        9     200C       0
                idataBANK1                            5        5        2        A       0

TOTAL           Name                               Link     Load   Length     Space
        CLASS   STACK          

        CLASS   CODE           
                end_init                              0        0        3         0
                cinit                               7D3      7D3       2D         0
                text35                             1AF4     1AF4       14         0
                text34                             1ABD     1ABD       12         0
                text33                             1BCF     1BCF       26         0
                text32                             1B08     1B08       18         0
                text31                             1B20     1B20       1A         0
                text30                             1B3A     1B3A       1A         0
                text29                             1C47     1C47       2E         0
                text28                             1B8B     1B8B       1F         0
                text27                             1B6E     1B6E       1D         0
                text26                             118A     118A      1E3         0
                text25                              8D2      8D2        5         0
                text24                             1B54     1B54       1A         0
                text23                             1C1C     1C1C       2B         0
                text22                             1CF3     1CF3       4E         0
                text21                             1EA4     1EA4       A2         0
                text20                                7        7        B         0
                text19                             1578     1578      288         0
                text18                             1D41     1D41       50         0
                text17                               12       12       7C         0
                text16                             1E3E     1E3E       66         0
                text15                             1D91     1D91       54         0
                text14                             1BAA     1BAA       25         0
                text13                             1F46     1F46       BA         0
                text12                             10CC     10CC       BE         0
                text11                             100F     100F       BD         0
                text10                             1BF5     1BF5       27         0
                text9                               C9F      C9F      361         0
                text8                              1CAF     1CAF       44         0
                text7                              1C75     1C75       3A         0
                text6                              136D     136D      20B         0
                text5                              1ACF     1ACF       12         0
                text4                               8D7      8D7       69         0
                text3                              1DE5     1DE5       59         0
                text2                               940      940      35F         0
                text1                               199      199      63A         0
                maintext                             8E       8E      10B         0
                clrtext                            1AB5     1AB5        8         0
                inittext                           1AE1     1AE1       13         0
                idataBANK3                         1006     1006        9         0
                idataBANK1                            5        5        2         0

        CLASS   STRCODE        

        CLASS   STRING         
                strings                             800      800       D0         0

        CLASS   CONST          

        CLASS   ENTRY          

        CLASS   COMMON         
                cstackCOMMON                         70       70        E         1

        CLASS   BANK0          
                cstackBANK0                          20       20       4F         1
                bssBANK0                             6F       6F        1         1

        CLASS   BANK1          
                cstackBANK1                          A0       A0       4C         1
                dataBANK1                            EE       EE        2         1
                bssBANK1                             EC       EC        2         1

        CLASS   BANK2          

        CLASS   BANK3          
                dataBANK3                           1B6      1B6        9         1
                bssBANK3                            190      190       26         1

        CLASS   RAM            

        CLASS   ABS1           
                abs_s1                               7E       7E        2         1

        CLASS   SFR0           

        CLASS   SFR1           

        CLASS   SFR2           

        CLASS   SFR3           

        CLASS   CONFIG         
                config                             2007     2007        1         0

        CLASS   IDLOC          

        CLASS   EEDATA         



SEGMENTS        Name                           Load    Length   Top    Selector   Space  Class     Delta

                reset_vec                      000000  000003  000003         0       0  CODE        2
                idataBANK1                     000005  000002  000007         A       0  CODE        2
                text20                         000007  00000B  000012         E       0  CODE        2
                cstackBANK0                    000020  000050  000070        20       1  BANK0       1
                text17                         000012  00007C  00008E        24       0  CODE        2
                cstackCOMMON                   000070  00000E  00007E        70       1  COMMON      1
                cstackBANK1                    0000A0  000050  0000F0        A0       1  BANK1       1
                maintext                       00008E  00010B  000199       11C       0  CODE        2
                bssBANK3                       000190  00002F  0001BF       190       1  BANK3       1
                text1                          000199  00063A  0007D3       332       0  CODE        2
                cinit                          0007D3  00002D  000800       FA6       0  CODE        2
                strings                        000800  0000D0  0008D0      1000       0  STRING      2
                text25                         0008D2  000005  0008D7      11A4       0  CODE        2
                text4                          0008D7  000069  000940      11AE       0  CODE        2
                text2                          000940  00035F  000C9F      1280       0  CODE        2
                text9                          000C9F  000361  001000      193E       0  CODE        2
                idataBANK3                     001006  000009  00100F      200C       0  CODE        2
                text11                         00100F  0000BD  0010CC      201E       0  CODE        2
                text12                         0010CC  0000BE  00118A      2198       0  CODE        2
                text26                         00118A  0001E3  00136D      2314       0  CODE        2
                text6                          00136D  00020B  001578      26DA       0  CODE        2
                text19                         001578  000288  001800      2AF0       0  CODE        2
                clrtext                        001AB5  000008  001ABD      356A       0  CODE        2
                text34                         001ABD  000012  001ACF      357A       0  CODE        2
                text5                          001ACF  000012  001AE1      359E       0  CODE        2
                inittext                       001AE1  000013  001AF4      35C2       0  CODE        2
                text35                         001AF4  000014  001B08      35E8       0  CODE        2
                text32                         001B08  000018  001B20      3610       0  CODE        2
                text31                         001B20  00001A  001B3A      3640       0  CODE        2
                text30                         001B3A  00001A  001B54      3674       0  CODE        2
                text24                         001B54  00001A  001B6E      36A8       0  CODE        2
                text27                         001B6E  00001D  001B8B      36DC       0  CODE        2
                text28                         001B8B  00001F  001BAA      3716       0  CODE        2
                text14                         001BAA  000025  001BCF      3754       0  CODE        2
                text33                         001BCF  000026  001BF5      379E       0  CODE        2
                text10                         001BF5  000027  001C1C      37EA       0  CODE        2
                text23                         001C1C  00002B  001C47      3838       0  CODE        2
                text29                         001C47  00002E  001C75      388E       0  CODE        2
                text7                          001C75  00003A  001CAF      38EA       0  CODE        2
                text8                          001CAF  000044  001CF3      395E       0  CODE        2
                text22                         001CF3  00004E  001D41      39E6       0  CODE        2
                text18                         001D41  000050  001D91      3A82       0  CODE        2
                text15                         001D91  000054  001DE5      3B22       0  CODE        2
                text3                          001DE5  000059  001E3E      3BCA       0  CODE        2
                text16                         001E3E  000066  001EA4      3C7C       0  CODE        2
                text21                         001EA4  0000A2  001F46      3D48       0  CODE        2
                text13                         001F46  0000BA  002000      3E8C       0  CODE        2
                config                         002007  000001  002008      400E       0  CONFIG      2


UNUSED ADDRESS RANGES

        Name                Unused          Largest block    Delta
        BANK2            0110-016F             60           1
        BANK3            01BF-01EF             31           1
        CODE             0003-0004              2           2
                         08D0-08D1              2
                         1000-1005              6
                         1800-1AB4            2B5
        CONST            0003-0004              2           2
                         08D0-08D1              2
                         1000-1005              6
                         1800-1AB4            100
        EEDATA           2100-21FF            100           2
        ENTRY            0003-0004              2           2
                         08D0-08D1              2
                         1000-1005              6
                         1800-1AB4            100
        IDLOC            2000-2003              4           2
        RAM              0110-016F             60           1
                         01BF-01EF             31
        SFR0             0000-001F             20           1
        SFR1             0080-009F             20           1
        SFR2             0100-010F             10           1
        SFR3             0180-018F             10           1
        STACK            0110-016F             60           1
        STRCODE          0003-0004              2           2
                         08D0-08D1              2
                         1000-1005              6
                         1800-1AB4            2B5
        STRING           0003-0004              2           2
                         08D0-08D1              2
                         1000-1005              6
                         1800-1AB4            100

                                  Symbol Table

?__Umul8_16                    cstackCOMMON 0070
?___awdiv                      cstackCOMMON 0077
?___awmod                      cstackCOMMON 0070
?___fladd                      cstackBANK0  005B
?___fldiv                      cstackCOMMON 0070
?___flmul                      cstackBANK0  002D
?___flneg                      cstackCOMMON 0070
?___flsub                      cstackBANK1  00A0
?___fltol                      cstackBANK0  005A
?___lldiv                      cstackCOMMON 0070
?___llmod                      cstackCOMMON 0070
?___lwdiv                      cstackCOMMON 0076
?___lwmod                      cstackCOMMON 0070
?___wmul                       cstackCOMMON 0070
?___xxtofl                     cstackCOMMON 0070
?__div_to_l_                   cstackCOMMON 0070
?__tdiv_to_l_                  cstackCOMMON 0070
?_fround                       cstackBANK0  0047
?_scale                        cstackBANK0  0047
?_sprintf                      cstackBANK1  00A8
BT_load_char@byte              cstackCOMMON 0070
BT_load_string@string          cstackCOMMON 0071
LCDGoto@ln                     cstackCOMMON 0073
LCDGoto@pos                    cstackCOMMON 0078
LCD_Cmd@cmd                    cstackCOMMON 0072
LCD_Data@data                  cstackCOMMON 0072
_ADCON0bits                    (abs)        001F
_ADCON1bits                    (abs)        009F
_ADRESH                        (abs)        001E
_ADRESL                        (abs)        009E
_BPM                           bssBANK3     01B0
_BRGH                          (abs)        04C2
_BT_get_char                   text35       1AF4
_BT_load_char                  text34       1ABD
_BT_load_string                text33       1BCF
_CREN                          (abs)        00C4
_GIE                           (abs)        005F
_IBI                           dataBANK3    01B8
_Init_ADC                      text32       1B08
_Initialize_Bluetooth          text31       1B20
_LCDGoto                       text29       1C47
_LCDGoto$262                   cstackCOMMON 0076
_LCD_Cmd                       text30       1B3A
_LCD_Data                      text24       1B54
_LCD_Init                      text28       1B8B
_OERR                          (abs)        00C1
_P                             dataBANK3    01BC
_PEIE                          (abs)        005E
_PORTB                         (abs)        0006
_PORTD                         (abs)        0008
_Pin_Init                      text27       1B6E
_Pulse                         bssBANK0     006F
_QS                            bssBANK3     01B4
_RB1                           (abs)        0031
_RB2                           (abs)        0032
_RB3                           (abs)        0033
_RCIE                          (abs)        0465
_RCIF                          (abs)        0065
_RCREG                         (abs)        001A
_RX9                           (abs)        00C6
_SPBRG                         (abs)        0099
_SPEN                          (abs)        00C7
_SYNC                          (abs)        04C4
_Signal                        bssBANK1     00EC
_T                             dataBANK3    01BA
_TRISA                         (abs)        0085
_TRISB                         (abs)        0086
_TRISB1                        (abs)        0431
_TRISB2                        (abs)        0432
_TRISB3                        (abs)        0433
_TRISC6                        (abs)        043E
_TRISC7                        (abs)        043F
_TRISD                         (abs)        0088
_TRMT                          (abs)        04C1
_TX9                           (abs)        04C6
_TXEN                          (abs)        04C5
_TXIE                          (abs)        0464
_TXIF                          (abs)        0064
_TXREG                         (abs)        0019
__CFG_BOREN$OFF                (abs)        0000
__CFG_CP$OFF                   (abs)        0000
__CFG_CPD$OFF                  (abs)        0000
__CFG_FOSC$HS                  (abs)        0000
__CFG_LVP$OFF                  (abs)        0000
__CFG_PWRTE$OFF                (abs)        0000
__CFG_WDTE$OFF                 (abs)        0000
__CFG_WRT$OFF                  (abs)        0000
__Habs1                        abs1         0000
__Hbank0                       bank0        0000
__Hbank1                       bank1        0000
__Hbank2                       bank2        0000
__Hbank3                       bank3        0000
__HbssBANK0                    bssBANK0     0000
__HbssBANK1                    bssBANK1     0000
__HbssBANK3                    bssBANK3     0000
__Hcinit                       cinit        0800
__Hclrtext                     clrtext      0000
__Hcode                        code         0000
__Hcommon                      common       0000
__Hconfig                      config       2008
__HcstackBANK0                 cstackBANK0  0000
__HcstackBANK1                 cstackBANK1  0000
__HcstackCOMMON                cstackCOMMON 0000
__HdataBANK1                   dataBANK1    0000
__HdataBANK3                   dataBANK3    0000
__Heeprom_data                 eeprom_data  0000
__Hend_init                    end_init     0003
__Hfunctab                     functab      0000
__HidataBANK1                  idataBANK1   0000
__HidataBANK3                  idataBANK3   0000
__Hidloc                       idloc        0000
__Hinit                        init         0000
__Hinittext                    inittext     0000
__Hintentry                    intentry     0000
__Hmaintext                    maintext     0000
__Hpowerup                     powerup      0000
__Hram                         ram          0000
__Hreset_vec                   reset_vec    0000
__Hsfr0                        sfr0         0000
__Hsfr1                        sfr1         0000
__Hsfr2                        sfr2         0000
__Hsfr3                        sfr3         0000
__Hspace_0                     (abs)        2008
__Hspace_1                     (abs)        01BF
__Hspace_2                     (abs)        0000
__Hspace_3                     (abs)        0000
__Hstack                       stack        0000
__Hstrings                     strings      0000
__Htext                        text         0000
__Labs1                        abs1         0000
__Lbank0                       bank0        0000
__Lbank1                       bank1        0000
__Lbank2                       bank2        0000
__Lbank3                       bank3        0000
__LbssBANK0                    bssBANK0     0000
__LbssBANK1                    bssBANK1     0000
__LbssBANK3                    bssBANK3     0000
__Lcinit                       cinit        07D3
__Lclrtext                     clrtext      0000
__Lcode                        code         0000
__Lcommon                      common       0000
__Lconfig                      config       2007
__LcstackBANK0                 cstackBANK0  0000
__LcstackBANK1                 cstackBANK1  0000
__LcstackCOMMON                cstackCOMMON 0000
__LdataBANK1                   dataBANK1    0000
__LdataBANK3                   dataBANK3    0000
__Leeprom_data                 eeprom_data  0000
__Lend_init                    end_init     0000
__Lfunctab                     functab      0000
__LidataBANK1                  idataBANK1   0000
__LidataBANK3                  idataBANK3   0000
__Lidloc                       idloc        0000
__Linit                        init         0000
__Linittext                    inittext     0000
__Lintentry                    intentry     0000
__Lmaintext                    maintext     0000
__Lpowerup                     powerup      0000
__Lram                         ram          0000
__Lreset_vec                   reset_vec    0000
__Lsfr0                        sfr0         0000
__Lsfr1                        sfr1         0000
__Lsfr2                        sfr2         0000
__Lsfr3                        sfr3         0000
__Lspace_0                     (abs)        0000
__Lspace_1                     (abs)        0000
__Lspace_2                     (abs)        0000
__Lspace_3                     (abs)        0000
__Lstack                       stack        0000
__Lstrings                     strings      0000
__Ltext                        text         0000
__S0                           (abs)        2008
__S1                           (abs)        01BF
__S2                           (abs)        0000
__S3                           (abs)        0000
__Umul8_16                     text10       1BF5
__Umul8_16@multiplicand        cstackCOMMON 0070
__Umul8_16@multiplier          cstackCOMMON 0078
__Umul8_16@product             cstackCOMMON 0074
__Umul8_16@word_mpld           cstackCOMMON 0076
___awdiv                       text4        08D7
___awdiv@counter               cstackBANK0  0020
___awdiv@dividend              cstackCOMMON 0079
___awdiv@divisor               cstackCOMMON 0077
___awdiv@quotient              cstackBANK0  0022
___awdiv@sign                  cstackBANK0  0021
___awmod                       text3        1DE5
___awmod@counter               cstackCOMMON 0075
___awmod@dividend              cstackCOMMON 0072
___awmod@divisor               cstackCOMMON 0070
___awmod@sign                  cstackCOMMON 0076
___fladd                       text19       1578
___fladd@a                     cstackBANK0  005F
___fladd@aexp                  cstackBANK0  006C
___fladd@b                     cstackBANK0  005B
___fladd@bexp                  cstackBANK0  006D
___fladd@grs                   cstackBANK0  006E
___fladd@signs                 cstackBANK0  006B
___fldiv                       text26       118A
___fldiv@a                     cstackCOMMON 0070
___fldiv@aexp                  cstackBANK0  002C
___fldiv@b                     cstackCOMMON 0074
___fldiv@bexp                  cstackBANK0  002B
___fldiv@grs                   cstackBANK0  0027
___fldiv@new_exp               cstackBANK0  0025
___fldiv@rem                   cstackBANK0  0020
___fldiv@sign                  cstackBANK0  0024
___fleq                        text22       1CF3
___fleq@ff1                    cstackCOMMON 0070
___fleq@ff2                    cstackCOMMON 0074
___flge                        text21       1EA4
___flge@ff1                    cstackCOMMON 0070
___flge@ff2                    cstackCOMMON 0074
___flmul                       text9        0C9F
___flmul@a                     cstackBANK0  0031
___flmul@aexp                  cstackBANK0  003F
___flmul@b                     cstackBANK0  002D
___flmul@bexp                  cstackBANK0  0040
___flmul@grs                   cstackBANK0  003B
___flmul@prod                  cstackBANK0  0041
___flmul@sign                  cstackBANK0  003A
___flmul@temp                  cstackBANK0  0045
___flneg                       text20       0007
___flneg@f1                    cstackCOMMON 0070
___flsub                       text18       1D41
___flsub@a                     cstackBANK1  00A0
___flsub@b                     cstackBANK1  00A4
___fltol                       text17       0012
___fltol@exp1                  cstackBANK0  0064
___fltol@f1                    cstackBANK0  005A
___fltol@sign1                 cstackBANK0  0063
___int_sp                      stack        0000
___latbits                     (abs)        0002
___lldiv                       text16       1E3E
___lldiv@counter               cstackCOMMON 007D
___lldiv@dividend              cstackCOMMON 0074
___lldiv@divisor               cstackCOMMON 0070
___lldiv@quotient              cstackCOMMON 0079
___llmod                       text15       1D91
___llmod@counter               cstackCOMMON 0079
___llmod@dividend              cstackCOMMON 0074
___llmod@divisor               cstackCOMMON 0070
___lwdiv                       text8        1CAF
___lwdiv@counter               cstackCOMMON 007D
___lwdiv@dividend              cstackCOMMON 0078
___lwdiv@divisor               cstackCOMMON 0076
___lwdiv@quotient              cstackCOMMON 007B
___lwmod                       text7        1C75
___lwmod@counter               cstackCOMMON 0075
___lwmod@dividend              cstackCOMMON 0072
___lwmod@divisor               cstackCOMMON 0070
___sp                          stack        0000
___stackhi                     (abs)        0000
___stacklo                     (abs)        0000
___wmul                        text14       1BAA
___wmul@multiplicand           cstackCOMMON 0072
___wmul@multiplier             cstackCOMMON 0070
___wmul@product                cstackCOMMON 0074
___xxtofl                      text13       1F46
___xxtofl@arg                  cstackCOMMON 007A
___xxtofl@exp                  cstackCOMMON 0079
___xxtofl@sign                 cstackCOMMON 0078
___xxtofl@val                  cstackCOMMON 0070
__div_to_l_                    text12       10CC
__div_to_l_@cntr               cstackBANK0  0024
__div_to_l_@exp1               cstackBANK0  0025
__div_to_l_@f1                 cstackCOMMON 0070
__div_to_l_@f2                 cstackCOMMON 0074
__div_to_l_@quot               cstackBANK0  0020
__end_of_BT_get_char           text35       1B08
__end_of_BT_load_char          text34       1ACF
__end_of_BT_load_string        text33       1BF5
__end_of_Init_ADC              text32       1B20
__end_of_Initialize_Bluetooth  text31       1B3A
__end_of_LCDGoto               text29       1C75
__end_of_LCD_Cmd               text30       1B54
__end_of_LCD_Data              text24       1B6E
__end_of_LCD_Init              text28       1BAA
__end_of_Pin_Init              text27       1B8B
__end_of__Umul8_16             text10       1C1C
__end_of___awdiv               text4        0940
__end_of___awmod               text3        1E3E
__end_of___fladd               text19       1800
__end_of___fldiv               text26       136D
__end_of___fleq                text22       1D41
__end_of___flge                text21       1F46
__end_of___flmul               text9        1000
__end_of___flneg               text20       0012
__end_of___flsub               text18       1D91
__end_of___fltol               text17       008E
__end_of___lldiv               text16       1EA4
__end_of___llmod               text15       1DE5
__end_of___lwdiv               text8        1CF3
__end_of___lwmod               text7        1CAF
__end_of___wmul                text14       1BCF
__end_of___xxtofl              text13       2000
__end_of__div_to_l_            text12       118A
__end_of__initialization       cinit        07FC
__end_of__npowers_             strings      0878
__end_of__powers_              strings      0844
__end_of__stringtab            strings      0810
__end_of__tdiv_to_l_           text11       10CC
__end_of_broadcast_BT          text25       08D7
__end_of_dpowers               strings      08A0
__end_of_fround                text6        1578
__end_of_isdigit               text5        1AE1
__end_of_main                  maintext     0199
__end_of_putString             text23       1C47
__end_of_scale                 text2        0C9F
__end_of_sprintf               text1        07D3
__initialization               cinit        07D3
__npowers_                     strings      0844
__pbssBANK0                    bssBANK0     006F
__pbssBANK1                    bssBANK1     00EC
__pbssBANK3                    bssBANK3     0190
__pcstackBANK0                 cstackBANK0  0020
__pcstackBANK1                 cstackBANK1  00A0
__pcstackCOMMON                cstackCOMMON 0070
__pdataBANK1                   dataBANK1    00EE
__pdataBANK3                   dataBANK3    01B6
__pidataBANK1                  idataBANK1   0005
__pidataBANK3                  idataBANK3   1006
__pmaintext                    maintext     008E
__powers_                      strings      0810
__pstrings                     strings      0800
__ptext1                       text1        0199
__ptext10                      text10       1BF5
__ptext11                      text11       100F
__ptext12                      text12       10CC
__ptext13                      text13       1F46
__ptext14                      text14       1BAA
__ptext15                      text15       1D91
__ptext16                      text16       1E3E
__ptext17                      text17       0012
__ptext18                      text18       1D41
__ptext19                      text19       1578
__ptext2                       text2        0940
__ptext20                      text20       0007
__ptext21                      text21       1EA4
__ptext22                      text22       1CF3
__ptext23                      text23       1C1C
__ptext24                      text24       1B54
__ptext25                      text25       08D2
__ptext26                      text26       118A
__ptext27                      text27       1B6E
__ptext28                      text28       1B8B
__ptext29                      text29       1C47
__ptext3                       text3        1DE5
__ptext30                      text30       1B3A
__ptext31                      text31       1B20
__ptext32                      text32       1B08
__ptext33                      text33       1BCF
__ptext34                      text34       1ABD
__ptext35                      text35       1AF4
__ptext4                       text4        08D7
__ptext5                       text5        1ACF
__ptext6                       text6        136D
__ptext7                       text7        1C75
__ptext8                       text8        1CAF
__ptext9                       text9        0C9F
__size_of_BT_get_char          (abs)        0000
__size_of_BT_load_char         (abs)        0000
__size_of_BT_load_string       (abs)        0000
__size_of_Init_ADC             (abs)        0000
__size_of_Initialize_Bluetooth (abs)        0000
__size_of_LCDGoto              (abs)        0000
__size_of_LCD_Cmd              (abs)        0000
__size_of_LCD_Data             (abs)        0000
__size_of_LCD_Init             (abs)        0000
__size_of_Pin_Init             (abs)        0000
__size_of__Umul8_16            (abs)        0000
__size_of___awdiv              (abs)        0000
__size_of___awmod              (abs)        0000
__size_of___fladd              (abs)        0000
__size_of___fldiv              (abs)        0000
__size_of___fleq               (abs)        0000
__size_of___flge               (abs)        0000
__size_of___flmul              (abs)        0000
__size_of___flneg              (abs)        0000
__size_of___flsub              (abs)        0000
__size_of___fltol              (abs)        0000
__size_of___lldiv              (abs)        0000
__size_of___llmod              (abs)        0000
__size_of___lwdiv              (abs)        0000
__size_of___lwmod              (abs)        0000
__size_of___wmul               (abs)        0000
__size_of___xxtofl             (abs)        0000
__size_of__div_to_l_           (abs)        0000
__size_of__tdiv_to_l_          (abs)        0000
__size_of_broadcast_BT         (abs)        0000
__size_of_fround               (abs)        0000
__size_of_isdigit              (abs)        0000
__size_of_main                 (abs)        0000
__size_of_putString            (abs)        0000
__size_of_scale                (abs)        0000
__size_of_sprintf              (abs)        0000
__stringbase                   strings      080F
__stringtab                    strings      0800
__tdiv_to_l_                   text11       100F
__tdiv_to_l_@cntr              cstackBANK0  0024
__tdiv_to_l_@exp1              cstackBANK0  0025
__tdiv_to_l_@f1                cstackCOMMON 0070
__tdiv_to_l_@f2                cstackCOMMON 0074
__tdiv_to_l_@quot              cstackBANK0  0020
_amp                           bssBANK3     01B2
_broadcast_BT                  text25       08D2
_dpowers                       strings      0878
_firstBeat                     dataBANK3    01BE
_fround                        text6        136D
_fround$979                    cstackBANK0  0056
_fround$980                    cstackBANK0  0052
_isdigit                       text5        1ACF
_isdigit$796                   cstackCOMMON 0070
_lastBeatTime                  bssBANK3     01A4
_main                          maintext     008E
_putString                     text23       1C1C
_rate                          bssBANK3     0190
_sampleCounter                 bssBANK3     01A8
_scale                         text2        0940
_scale$981                     cstackBANK0  0055
_secondBeat                    bssBANK3     01B5
_sprintf                       text1        0199
_sprintf$982                   cstackBANK1  00B2
_thresh                        dataBANK1    00EE
btemp                          (abs)        007E
clear_ram0                     clrtext      1AB5
end_of_initialization          cinit        07FC
fround@prec                    cstackBANK0  005A
init_fetch0                    inittext     1AE1
init_ram0                      inittext     1AE5
intlevel0                      functab      0000
intlevel1                      functab      0000
intlevel2                      functab      0000
intlevel3                      functab      0000
intlevel4                      functab      0000
intlevel5                      functab      0000
isdigit@c                      cstackCOMMON 0071
main@blt_mess                  cstackBANK1  00E6
main@data                      cstackBANK1  00E8
main@mess                      cstackBANK1  00CE
putString@i                    cstackCOMMON 0076
putString@str                  cstackCOMMON 0073
reset_vec                      reset_vec    0000
scale@scl                      cstackBANK0  0059
sprintf@ap                     cstackBANK1  00B6
sprintf@c                      cstackBANK1  00CA
sprintf@eexp                   cstackBANK1  00BD
sprintf@f                      cstackBANK1  00A8
sprintf@flag                   cstackBANK1  00B7
sprintf@fval                   cstackBANK1  00C6
sprintf@prec                   cstackBANK1  00C4
sprintf@sp                     cstackBANK1  00C3
sprintf@tmpval                 cstackBANK1  00BF
sprintf@val                    cstackBANK1  00B9
start                          init         0000
start_initialization           cinit        07D3
wtemp0                         (abs)        007E


FUNCTION INFORMATION:

 *************** function _main *****************
 Defined at:
		line 138 in file "main.c"
 Parameters:    Size  Location     Type
		None
 Auto vars:     Size  Location     Type
  mess           20   46[BANK1 ] unsigned char [20]
  data            4   72[BANK1 ] float 
  blt_mess        2   70[BANK1 ] int 
  i               2    0        int 
  trans           2    0        int 
 Return value:  Size  Location     Type
                  1    wreg      void 
 Registers used:
		wreg, fsr0l, fsr0h, status,2, status,0, btemp+1, pclath, cstack
 Tracked objects:
		On entry : 
		On exit  : 
		Unchanged: 
 Data sizes:     COMMON   BANK0   BANK1   BANK3   BANK2
      Params:         0       0       0       0       0
      Locals:         0       0      30       0       0
      Temps:          0       0       3       0       0
      Totals:         0       0      33       0       0
Total ram usage:       33 bytes
 Hardware stack levels required when called:    4
 This function calls:
		_BT_get_char
		_BT_load_string
		_Init_ADC
		_Initialize_Bluetooth
		_LCDGoto
		_LCD_Init
		_Pin_Init
		___fldiv
		___flmul
		___xxtofl
		_broadcast_BT
		_putString
		_sprintf
 This function is called by:
		Startup code after reset
 This function uses a non-reentrant model


 *************** function _sprintf *****************
 Defined at:
		line 505 in file "C:\Program Files (x86)\Microchip\xc8\v2.10\pic\sources\c90\common\doprnt.c"
 Parameters:    Size  Location     Type
  sp              1    wreg     PTR unsigned char 
		 -> main@mess(20), 
  f               1    8[BANK1 ] PTR const unsigned char 
		 -> STR_3(6), 
 Auto vars:     Size  Location     Type
  sp              1   35[BANK1 ] PTR unsigned char 
		 -> main@mess(20), 
  fval            4   38[BANK1 ] PTR unsigned char 
  tmpval          4   31[BANK1 ] struct .
  val             4   25[BANK1 ] unsigned long 
  prec            2   36[BANK1 ] int 
  eexp            2   29[BANK1 ] int 
  flag            2   23[BANK1 ] unsigned short 
  cp              2    0        PTR const unsigned char 
  len             2    0        unsigned int 
  width           2    0        int 
  c               1   42[BANK1 ] unsigned char 
  ap              1   22[BANK1 ] PTR void [1]
		 -> ?_sprintf(2), 
  d               1    0        unsigned char 
 Return value:  Size  Location     Type
                  2    8[BANK1 ] int 
 Registers used:
		wreg, fsr0l, fsr0h, status,2, status,0, btemp+1, pclath, cstack
 Tracked objects:
		On entry : 
		On exit  : 
		Unchanged: 
 Data sizes:     COMMON   BANK0   BANK1   BANK3   BANK2
      Params:         0       0       5       0       0
      Locals:         0       0      25       0       0
      Temps:          0       0       5       0       0
      Totals:         0       0      35       0       0
Total ram usage:       35 bytes
 Hardware stack levels used:    1
 Hardware stack levels required when called:    3
 This function calls:
		___awdiv
		___fladd
		___fleq
		___flge
		___flmul
		___flneg
		___flsub
		___fltol
		___lldiv
		___llmod
		___wmul
		___xxtofl
		__div_to_l_
		__tdiv_to_l_
		_fround
		_isdigit
		_scale
 This function is called by:
		_main
 This function uses a non-reentrant model


 *************** function _scale *****************
 Defined at:
		line 433 in file "C:\Program Files (x86)\Microchip\xc8\v2.10\pic\sources\c90\common\doprnt.c"
 Parameters:    Size  Location     Type
  scl             1    wreg     char 
 Auto vars:     Size  Location     Type
  scl             1   57[BANK0 ] char 
 Return value:  Size  Location     Type
                  4   39[BANK0 ] char 
 Registers used:
		wreg, fsr0l, fsr0h, status,2, status,0, btemp+1, pclath, cstack
 Tracked objects:
		On entry : 
		On exit  : 
		Unchanged: 
 Data sizes:     COMMON   BANK0   BANK1   BANK3   BANK2
      Params:         0       4       0       0       0
      Locals:         0       5       0       0       0
      Temps:          0      10       0       0       0
      Totals:         0      19       0       0       0
Total ram usage:       19 bytes
 Hardware stack levels used:    1
 Hardware stack levels required when called:    2
 This function calls:
		___awdiv
		___awmod
		___flmul
 This function is called by:
		_sprintf
 This function uses a non-reentrant model


 *************** function ___awmod *****************
 Defined at:
		line 5 in file "C:\Program Files (x86)\Microchip\xc8\v2.10\pic\sources\c90\common\awmod.c"
 Parameters:    Size  Location     Type
  divisor         2    0[COMMON] int 
  dividend        2    2[COMMON] int 
 Auto vars:     Size  Location     Type
  sign            1    6[COMMON] unsigned char 
  counter         1    5[COMMON] unsigned char 
 Return value:  Size  Location     Type
                  2    0[COMMON] int 
 Registers used:
		wreg, status,2, status,0
 Tracked objects:
		On entry : 
		On exit  : 
		Unchanged: 
 Data sizes:     COMMON   BANK0   BANK1   BANK3   BANK2
      Params:         4       0       0       0       0
      Locals:         2       0       0       0       0
      Temps:          1       0       0       0       0
      Totals:         7       0       0       0       0
Total ram usage:        7 bytes
 Hardware stack levels used:    1
 This function calls:
		Nothing
 This function is called by:
		_scale
 This function uses a non-reentrant model


 *************** function ___awdiv *****************
 Defined at:
		line 5 in file "C:\Program Files (x86)\Microchip\xc8\v2.10\pic\sources\c90\common\awdiv.c"
 Parameters:    Size  Location     Type
  divisor         2    7[COMMON] int 
  dividend        2    9[COMMON] int 
 Auto vars:     Size  Location     Type
  quotient        2    2[BANK0 ] int 
  sign            1    1[BANK0 ] unsigned char 
  counter         1    0[BANK0 ] unsigned char 
 Return value:  Size  Location     Type
                  2    7[COMMON] int 
 Registers used:
		wreg, status,2, status,0
 Tracked objects:
		On entry : 
		On exit  : 
		Unchanged: 
 Data sizes:     COMMON   BANK0   BANK1   BANK3   BANK2
      Params:         4       0       0       0       0
      Locals:         0       4       0       0       0
      Temps:          1       0       0       0       0
      Totals:         5       4       0       0       0
Total ram usage:        9 bytes
 Hardware stack levels used:    1
 This function calls:
		Nothing
 This function is called by:
		_scale
		_sprintf
		_calculate_heart_beat
 This function uses a non-reentrant model


 *************** function _isdigit *****************
 Defined at:
		line 8 in file "C:\Program Files (x86)\Microchip\xc8\v2.10\pic\sources\c90\common\isdigit.c"
 Parameters:    Size  Location     Type
  c               1    wreg     unsigned char 
 Auto vars:     Size  Location     Type
  c               1    1[COMMON] unsigned char 
 Return value:  Size  Location     Type
		None               void
 Registers used:
		wreg, status,2, status,0
 Tracked objects:
		On entry : 
		On exit  : 
		Unchanged: 
 Data sizes:     COMMON   BANK0   BANK1   BANK3   BANK2
      Params:         0       0       0       0       0
      Locals:         2       0       0       0       0
      Temps:          0       0       0       0       0
      Totals:         2       0       0       0       0
Total ram usage:        2 bytes
 Hardware stack levels used:    1
 This function calls:
		Nothing
 This function is called by:
		_sprintf
 This function uses a non-reentrant model


 *************** function _fround *****************
 Defined at:
		line 417 in file "C:\Program Files (x86)\Microchip\xc8\v2.10\pic\sources\c90\common\doprnt.c"
 Parameters:    Size  Location     Type
  prec            1    wreg     unsigned char 
 Auto vars:     Size  Location     Type
  prec            1   58[BANK0 ] unsigned char 
 Return value:  Size  Location     Type
                  4   39[BANK0 ] unsigned char 
 Registers used:
		wreg, fsr0l, fsr0h, status,2, status,0, btemp+1, pclath, cstack
 Tracked objects:
		On entry : 
		On exit  : 
		Unchanged: 
 Data sizes:     COMMON   BANK0   BANK1   BANK3   BANK2
      Params:         0       4       0       0       0
      Locals:         0       9       0       0       0
      Temps:          0       7       0       0       0
      Totals:         0      20       0       0       0
Total ram usage:       20 bytes
 Hardware stack levels used:    1
 Hardware stack levels required when called:    2
 This function calls:
		___flmul
		___lwdiv
		___lwmod
 This function is called by:
		_sprintf
 This function uses a non-reentrant model


 *************** function ___lwmod *****************
 Defined at:
		line 5 in file "C:\Program Files (x86)\Microchip\xc8\v2.10\pic\sources\c90\common\lwmod.c"
 Parameters:    Size  Location     Type
  divisor         2    0[COMMON] unsigned int 
  dividend        2    2[COMMON] unsigned int 
 Auto vars:     Size  Location     Type
  counter         1    5[COMMON] unsigned char 
 Return value:  Size  Location     Type
                  2    0[COMMON] unsigned int 
 Registers used:
		wreg, status,2, status,0
 Tracked objects:
		On entry : 
		On exit  : 
		Unchanged: 
 Data sizes:     COMMON   BANK0   BANK1   BANK3   BANK2
      Params:         4       0       0       0       0
      Locals:         1       0       0       0       0
      Temps:          1       0       0       0       0
      Totals:         6       0       0       0       0
Total ram usage:        6 bytes
 Hardware stack levels used:    1
 This function calls:
		Nothing
 This function is called by:
		_fround
 This function uses a non-reentrant model


 *************** function ___lwdiv *****************
 Defined at:
		line 5 in file "C:\Program Files (x86)\Microchip\xc8\v2.10\pic\sources\c90\common\lwdiv.c"
 Parameters:    Size  Location     Type
  divisor         2    6[COMMON] unsigned int 
  dividend        2    8[COMMON] unsigned int 
 Auto vars:     Size  Location     Type
  quotient        2   11[COMMON] unsigned int 
  counter         1   13[COMMON] unsigned char 
 Return value:  Size  Location     Type
                  2    6[COMMON] unsigned int 
 Registers used:
		wreg, status,2, status,0
 Tracked objects:
		On entry : 
		On exit  : 
		Unchanged: 
 Data sizes:     COMMON   BANK0   BANK1   BANK3   BANK2
      Params:         4       0       0       0       0
      Locals:         3       0       0       0       0
      Temps:          1       0       0       0       0
      Totals:         8       0       0       0       0
Total ram usage:        8 bytes
 Hardware stack levels used:    1
 This function calls:
		Nothing
 This function is called by:
		_fround
 This function uses a non-reentrant model


 *************** function ___flmul *****************
 Defined at:
		line 8 in file "C:\Program Files (x86)\Microchip\xc8\v2.10\pic\sources\c90\common\sprcmul.c"
 Parameters:    Size  Location     Type
  b               4   13[BANK0 ] unsigned int 
  a               4   17[BANK0 ] unsigned int 
 Auto vars:     Size  Location     Type
  prod            4   33[BANK0 ] struct .
  grs             4   27[BANK0 ] unsigned long 
  temp            2   37[BANK0 ] struct .
  bexp            1   32[BANK0 ] unsigned char 
  aexp            1   31[BANK0 ] unsigned char 
  sign            1   26[BANK0 ] unsigned char 
 Return value:  Size  Location     Type
                  4   13[BANK0 ] unsigned char 
 Registers used:
		wreg, status,2, status,0, btemp+1, pclath, cstack
 Tracked objects:
		On entry : 
		On exit  : 
		Unchanged: 
 Data sizes:     COMMON   BANK0   BANK1   BANK3   BANK2
      Params:         0       8       0       0       0
      Locals:         0      13       0       0       0
      Temps:          0       5       0       0       0
      Totals:         0      26       0       0       0
Total ram usage:       26 bytes
 Hardware stack levels used:    1
 Hardware stack levels required when called:    1
 This function calls:
		__Umul8_16
 This function is called by:
		_main
		_fround
		_scale
		_sprintf
 This function uses a non-reentrant model


 *************** function __Umul8_16 *****************
 Defined at:
		line 4 in file "C:\Program Files (x86)\Microchip\xc8\v2.10\pic\sources\c90\common\Umul8_16.c"
 Parameters:    Size  Location     Type
  multiplier      1    wreg     unsigned char 
  multiplicand    1    0[COMMON] unsigned char 
 Auto vars:     Size  Location     Type
  multiplier      1    8[COMMON] unsigned char 
  word_mpld       2    6[COMMON] unsigned int 
  product         2    4[COMMON] unsigned int 
 Return value:  Size  Location     Type
                  2    0[COMMON] unsigned int 
 Registers used:
		wreg, status,2, status,0
 Tracked objects:
		On entry : 
		On exit  : 
		Unchanged: 
 Data sizes:     COMMON   BANK0   BANK1   BANK3   BANK2
      Params:         2       0       0       0       0
      Locals:         5       0       0       0       0
      Temps:          2       0       0       0       0
      Totals:         9       0       0       0       0
Total ram usage:        9 bytes
 Hardware stack levels used:    1
 This function calls:
		Nothing
 This function is called by:
		___flmul
 This function uses a non-reentrant model


 *************** function __tdiv_to_l_ *****************
 Defined at:
		line 60 in file "C:\Program Files (x86)\Microchip\xc8\v2.10\pic\sources\c90\common\ftdivl.c"
 Parameters:    Size  Location     Type
  f1              4    0[COMMON] float 
  f2              4    4[COMMON] float 
 Auto vars:     Size  Location     Type
  quot            4    0[BANK0 ] unsigned long 
  exp1            1    5[BANK0 ] unsigned char 
  cntr            1    4[BANK0 ] unsigned char 
 Return value:  Size  Location     Type
                  4    0[COMMON] unsigned long 
 Registers used:
		wreg, status,2, status,0
 Tracked objects:
		On entry : 
		On exit  : 
		Unchanged: 
 Data sizes:     COMMON   BANK0   BANK1   BANK3   BANK2
      Params:         8       0       0       0       0
      Locals:         0       6       0       0       0
      Temps:          4       0       0       0       0
      Totals:        12       6       0       0       0
Total ram usage:       18 bytes
 Hardware stack levels used:    1
 This function calls:
		Nothing
 This function is called by:
		_sprintf
 This function uses a non-reentrant model


 *************** function __div_to_l_ *****************
 Defined at:
		line 60 in file "C:\Program Files (x86)\Microchip\xc8\v2.10\pic\sources\c90\common\fldivl.c"
 Parameters:    Size  Location     Type
  f1              4    0[COMMON] unsigned long 
  f2              4    4[COMMON] unsigned long 
 Auto vars:     Size  Location     Type
  quot            4    0[BANK0 ] unsigned long 
  exp1            1    5[BANK0 ] unsigned char 
  cntr            1    4[BANK0 ] unsigned char 
 Return value:  Size  Location     Type
                  4    0[COMMON] unsigned long 
 Registers used:
		wreg, status,2, status,0
 Tracked objects:
		On entry : 
		On exit  : 
		Unchanged: 
 Data sizes:     COMMON   BANK0   BANK1   BANK3   BANK2
      Params:         8       0       0       0       0
      Locals:         0       6       0       0       0
      Temps:          1       0       0       0       0
      Totals:         9       6       0       0       0
Total ram usage:       15 bytes
 Hardware stack levels used:    1
 This function calls:
		Nothing
 This function is called by:
		_sprintf
 This function uses a non-reentrant model


 *************** function ___xxtofl *****************
 Defined at:
		line 10 in file "C:\Program Files (x86)\Microchip\xc8\v2.10\pic\sources\c90\common\xxtofl.c"
 Parameters:    Size  Location     Type
  sign            1    wreg     unsigned char 
  val             4    0[COMMON] long 
 Auto vars:     Size  Location     Type
  sign            1    8[COMMON] unsigned char 
  arg             4   10[COMMON] unsigned long 
  exp             1    9[COMMON] unsigned char 
 Return value:  Size  Location     Type
                  4    0[COMMON] unsigned char 
 Registers used:
		wreg, status,2, status,0
 Tracked objects:
		On entry : 
		On exit  : 
		Unchanged: 
 Data sizes:     COMMON   BANK0   BANK1   BANK3   BANK2
      Params:         4       0       0       0       0
      Locals:         6       0       0       0       0
      Temps:          4       0       0       0       0
      Totals:        14       0       0       0       0
Total ram usage:       14 bytes
 Hardware stack levels used:    1
 This function calls:
		Nothing
 This function is called by:
		_main
		_sprintf
 This function uses a non-reentrant model


 *************** function ___wmul *****************
 Defined at:
		line 15 in file "C:\Program Files (x86)\Microchip\xc8\v2.10\pic\sources\c90\common\Umul16.c"
 Parameters:    Size  Location     Type
  multiplier      2    0[COMMON] unsigned int 
  multiplicand    2    2[COMMON] unsigned int 
 Auto vars:     Size  Location     Type
  product         2    4[COMMON] unsigned int 
 Return value:  Size  Location     Type
                  2    0[COMMON] unsigned int 
 Registers used:
		wreg, status,2, status,0
 Tracked objects:
		On entry : 
		On exit  : 
		Unchanged: 
 Data sizes:     COMMON   BANK0   BANK1   BANK3   BANK2
      Params:         4       0       0       0       0
      Locals:         2       0       0       0       0
      Temps:          0       0       0       0       0
      Totals:         6       0       0       0       0
Total ram usage:        6 bytes
 Hardware stack levels used:    1
 This function calls:
		Nothing
 This function is called by:
		_sprintf
		_calculate_heart_beat
 This function uses a non-reentrant model


 *************** function ___llmod *****************
 Defined at:
		line 5 in file "C:\Program Files (x86)\Microchip\xc8\v2.10\pic\sources\c90\common\llmod.c"
 Parameters:    Size  Location     Type
  divisor         4    0[COMMON] unsigned long 
  dividend        4    4[COMMON] unsigned long 
 Auto vars:     Size  Location     Type
  counter         1    9[COMMON] unsigned char 
 Return value:  Size  Location     Type
                  4    0[COMMON] unsigned long 
 Registers used:
		wreg, status,2, status,0
 Tracked objects:
		On entry : 
		On exit  : 
		Unchanged: 
 Data sizes:     COMMON   BANK0   BANK1   BANK3   BANK2
      Params:         8       0       0       0       0
      Locals:         1       0       0       0       0
      Temps:          1       0       0       0       0
      Totals:        10       0       0       0       0
Total ram usage:       10 bytes
 Hardware stack levels used:    1
 This function calls:
		Nothing
 This function is called by:
		_sprintf
 This function uses a non-reentrant model


 *************** function ___lldiv *****************
 Defined at:
		line 5 in file "C:\Program Files (x86)\Microchip\xc8\v2.10\pic\sources\c90\common\__lldiv.c"
 Parameters:    Size  Location     Type
  divisor         4    0[COMMON] unsigned long 
  dividend        4    4[COMMON] unsigned long 
 Auto vars:     Size  Location     Type
  quotient        4    9[COMMON] unsigned long 
  counter         1   13[COMMON] unsigned char 
 Return value:  Size  Location     Type
                  4    0[COMMON] unsigned long 
 Registers used:
		wreg, status,2, status,0
 Tracked objects:
		On entry : 
		On exit  : 
		Unchanged: 
 Data sizes:     COMMON   BANK0   BANK1   BANK3   BANK2
      Params:         8       0       0       0       0
      Locals:         5       0       0       0       0
      Temps:          1       0       0       0       0
      Totals:        14       0       0       0       0
Total ram usage:       14 bytes
 Hardware stack levels used:    1
 This function calls:
		Nothing
 This function is called by:
		_sprintf
 This function uses a non-reentrant model


 *************** function ___fltol *****************
 Defined at:
		line 43 in file "C:\Program Files (x86)\Microchip\xc8\v2.10\pic\sources\c90\common\fltol.c"
 Parameters:    Size  Location     Type
  f1              4   58[BANK0 ] unsigned long 
 Auto vars:     Size  Location     Type
  exp1            1   68[BANK0 ] unsigned char 
  sign1           1   67[BANK0 ] unsigned char 
 Return value:  Size  Location     Type
                  4   58[BANK0 ] long 
 Registers used:
		wreg, status,2, status,0
 Tracked objects:
		On entry : 
		On exit  : 
		Unchanged: 
 Data sizes:     COMMON   BANK0   BANK1   BANK3   BANK2
      Params:         0       4       0       0       0
      Locals:         0       2       0       0       0
      Temps:          0       5       0       0       0
      Totals:         0      11       0       0       0
Total ram usage:       11 bytes
 Hardware stack levels used:    1
 This function calls:
		Nothing
 This function is called by:
		_sprintf
 This function uses a non-reentrant model


 *************** function ___flsub *****************
 Defined at:
		line 242 in file "C:\Program Files (x86)\Microchip\xc8\v2.10\pic\sources\c90\common\sprcadd.c"
 Parameters:    Size  Location     Type
  a               4    0[BANK1 ] long 
  b               4    4[BANK1 ] long 
 Auto vars:     Size  Location     Type
		None
 Return value:  Size  Location     Type
                  4    0[BANK1 ] long 
 Registers used:
		wreg, status,2, status,0, btemp+1, pclath, cstack
 Tracked objects:
		On entry : 
		On exit  : 
		Unchanged: 
 Data sizes:     COMMON   BANK0   BANK1   BANK3   BANK2
      Params:         0       0       8       0       0
      Locals:         0       0       0       0       0
      Temps:          0       0       0       0       0
      Totals:         0       0       8       0       0
Total ram usage:        8 bytes
 Hardware stack levels used:    1
 Hardware stack levels required when called:    1
 This function calls:
		___fladd
 This function is called by:
		_sprintf
 This function uses a non-reentrant model


 *************** function ___fladd *****************
 Defined at:
		line 10 in file "C:\Program Files (x86)\Microchip\xc8\v2.10\pic\sources\c90\common\sprcadd.c"
 Parameters:    Size  Location     Type
  b               4   59[BANK0 ] long 
  a               4   63[BANK0 ] long 
 Auto vars:     Size  Location     Type
  grs             1   78[BANK0 ] unsigned char 
  bexp            1   77[BANK0 ] unsigned char 
  aexp            1   76[BANK0 ] unsigned char 
  signs           1   75[BANK0 ] unsigned char 
 Return value:  Size  Location     Type
                  4   59[BANK0 ] unsigned char 
 Registers used:
		wreg, status,2, status,0, btemp+1
 Tracked objects:
		On entry : 
		On exit  : 
		Unchanged: 
 Data sizes:     COMMON   BANK0   BANK1   BANK3   BANK2
      Params:         0       8       0       0       0
      Locals:         0       4       0       0       0
      Temps:          0       8       0       0       0
      Totals:         0      20       0       0       0
Total ram usage:       20 bytes
 Hardware stack levels used:    1
 This function calls:
		Nothing
 This function is called by:
		_sprintf
		___flsub
 This function uses a non-reentrant model


 *************** function ___flneg *****************
 Defined at:
		line 15 in file "C:\Program Files (x86)\Microchip\xc8\v2.10\pic\sources\c90\common\flneg.c"
 Parameters:    Size  Location     Type
  f1              4    0[COMMON] unsigned char 
 Auto vars:     Size  Location     Type
		None
 Return value:  Size  Location     Type
                  4    0[COMMON] unsigned char 
 Registers used:
		wreg
 Tracked objects:
		On entry : 
		On exit  : 
		Unchanged: 
 Data sizes:     COMMON   BANK0   BANK1   BANK3   BANK2
      Params:         4       0       0       0       0
      Locals:         0       0       0       0       0
      Temps:          0       0       0       0       0
      Totals:         4       0       0       0       0
Total ram usage:        4 bytes
 Hardware stack levels used:    1
 This function calls:
		Nothing
 This function is called by:
		_sprintf
 This function uses a non-reentrant model


 *************** function ___flge *****************
 Defined at:
		line 4 in file "C:\Program Files (x86)\Microchip\xc8\v2.10\pic\sources\c90\common\flge.c"
 Parameters:    Size  Location     Type
  ff1             4    0[COMMON] unsigned char 
  ff2             4    4[COMMON] unsigned char 
 Auto vars:     Size  Location     Type
		None
 Return value:  Size  Location     Type
		None               void
 Registers used:
		wreg, status,2, status,0
 Tracked objects:
		On entry : 
		On exit  : 
		Unchanged: 
 Data sizes:     COMMON   BANK0   BANK1   BANK3   BANK2
      Params:         8       0       0       0       0
      Locals:         0       0       0       0       0
      Temps:          4       0       0       0       0
      Totals:        12       0       0       0       0
Total ram usage:       12 bytes
 Hardware stack levels used:    1
 This function calls:
		Nothing
 This function is called by:
		_sprintf
 This function uses a non-reentrant model


 *************** function ___fleq *****************
 Defined at:
		line 4 in file "C:\Program Files (x86)\Microchip\xc8\v2.10\pic\sources\c90\common\fleq.c"
 Parameters:    Size  Location     Type
  ff1             4    0[COMMON] unsigned char 
  ff2             4    4[COMMON] unsigned char 
 Auto vars:     Size  Location     Type
		None
 Return value:  Size  Location     Type
		None               void
 Registers used:
		wreg, status,2, status,0
 Tracked objects:
		On entry : 
		On exit  : 
		Unchanged: 
 Data sizes:     COMMON   BANK0   BANK1   BANK3   BANK2
      Params:         8       0       0       0       0
      Locals:         0       0       0       0       0
      Temps:          4       0       0       0       0
      Totals:        12       0       0       0       0
Total ram usage:       12 bytes
 Hardware stack levels used:    1
 This function calls:
		Nothing
 This function is called by:
		_sprintf
 This function uses a non-reentrant model


 *************** function _putString *****************
 Defined at:
		line 42 in file "lcd.c"
 Parameters:    Size  Location     Type
  str             2    3[COMMON] PTR const unsigned char 
		 -> main@mess(20), STR_2(10), 
 Auto vars:     Size  Location     Type
  i               1    6[COMMON] unsigned char 
 Return value:  Size  Location     Type
                  1    wreg      void 
 Registers used:
		wreg, fsr0l, fsr0h, status,2, status,0, btemp+1, pclath, cstack
 Tracked objects:
		On entry : 
		On exit  : 
		Unchanged: 
 Data sizes:     COMMON   BANK0   BANK1   BANK3   BANK2
      Params:         2       0       0       0       0
      Locals:         1       0       0       0       0
      Temps:          1       0       0       0       0
      Totals:         4       0       0       0       0
Total ram usage:        4 bytes
 Hardware stack levels used:    1
 Hardware stack levels required when called:    1
 This function calls:
		_LCD_Data
 This function is called by:
		_main
 This function uses a non-reentrant model


 *************** function _LCD_Data *****************
 Defined at:
		line 30 in file "lcd.c"
 Parameters:    Size  Location     Type
  data            1    wreg     unsigned char 
 Auto vars:     Size  Location     Type
  data            1    2[COMMON] unsigned char 
 Return value:  Size  Location     Type
                  1    wreg      void 
 Registers used:
		wreg
 Tracked objects:
		On entry : 
		On exit  : 
		Unchanged: 
 Data sizes:     COMMON   BANK0   BANK1   BANK3   BANK2
      Params:         0       0       0       0       0
      Locals:         1       0       0       0       0
      Temps:          2       0       0       0       0
      Totals:         3       0       0       0       0
Total ram usage:        3 bytes
 Hardware stack levels used:    1
 This function calls:
		Nothing
 This function is called by:
		_putString
 This function uses a non-reentrant model


 *************** function _broadcast_BT *****************
 Defined at:
		line 56 in file "bluetooth.c"
 Parameters:    Size  Location     Type
		None
 Auto vars:     Size  Location     Type
		None
 Return value:  Size  Location     Type
                  1    wreg      void 
 Registers used:
		wreg
 Tracked objects:
		On entry : 
		On exit  : 
		Unchanged: 
 Data sizes:     COMMON   BANK0   BANK1   BANK3   BANK2
      Params:         0       0       0       0       0
      Locals:         0       0       0       0       0
      Temps:          0       0       0       0       0
      Totals:         0       0       0       0       0
Total ram usage:        0 bytes
 Hardware stack levels used:    1
 This function calls:
		Nothing
 This function is called by:
		_main
 This function uses a non-reentrant model


 *************** function ___fldiv *****************
 Defined at:
		line 8 in file "C:\Program Files (x86)\Microchip\xc8\v2.10\pic\sources\c90\common\sprcdiv.c"
 Parameters:    Size  Location     Type
  a               4    0[COMMON] void 
  b               4    4[COMMON] void 
 Auto vars:     Size  Location     Type
  grs             4    7[BANK0 ] unsigned long 
  rem             4    0[BANK0 ] unsigned long 
  new_exp         2    5[BANK0 ] int 
  aexp            1   12[BANK0 ] unsigned char 
  bexp            1   11[BANK0 ] unsigned char 
  sign            1    4[BANK0 ] unsigned char 
 Return value:  Size  Location     Type
                  4    0[COMMON] unsigned char 
 Registers used:
		wreg, status,2, status,0, btemp+1
 Tracked objects:
		On entry : 
		On exit  : 
		Unchanged: 
 Data sizes:     COMMON   BANK0   BANK1   BANK3   BANK2
      Params:         8       0       0       0       0
      Locals:         0      13       0       0       0
      Temps:          5       0       0       0       0
      Totals:        13      13       0       0       0
Total ram usage:       26 bytes
 Hardware stack levels used:    1
 This function calls:
		Nothing
 This function is called by:
		_main
 This function uses a non-reentrant model


 *************** function _Pin_Init *****************
 Defined at:
		line 35 in file "main.c"
 Parameters:    Size  Location     Type
		None
 Auto vars:     Size  Location     Type
		None
 Return value:  Size  Location     Type
                  1    wreg      void 
 Registers used:
		wreg, status,2
 Tracked objects:
		On entry : 
		On exit  : 
		Unchanged: 
 Data sizes:     COMMON   BANK0   BANK1   BANK3   BANK2
      Params:         0       0       0       0       0
      Locals:         0       0       0       0       0
      Temps:          3       0       0       0       0
      Totals:         3       0       0       0       0
Total ram usage:        3 bytes
 Hardware stack levels used:    1
 This function calls:
		Nothing
 This function is called by:
		_main
 This function uses a non-reentrant model


 *************** function _LCD_Init *****************
 Defined at:
		line 3 in file "lcd.c"
 Parameters:    Size  Location     Type
		None
 Auto vars:     Size  Location     Type
		None
 Return value:  Size  Location     Type
                  1    wreg      void 
 Registers used:
		wreg, status,2, status,0, pclath, cstack
 Tracked objects:
		On entry : 
		On exit  : 
		Unchanged: 
 Data sizes:     COMMON   BANK0   BANK1   BANK3   BANK2
      Params:         0       0       0       0       0
      Locals:         0       0       0       0       0
      Temps:          0       0       0       0       0
      Totals:         0       0       0       0       0
Total ram usage:        0 bytes
 Hardware stack levels used:    1
 Hardware stack levels required when called:    1
 This function calls:
		_LCD_Cmd
 This function is called by:
		_main
 This function uses a non-reentrant model


 *************** function _LCDGoto *****************
 Defined at:
		line 53 in file "lcd.c"
 Parameters:    Size  Location     Type
  pos             1    wreg     unsigned char 
  ln              1    3[COMMON] unsigned char 
 Auto vars:     Size  Location     Type
  pos             1    8[COMMON] unsigned char 
 Return value:  Size  Location     Type
                  1    wreg      void 
 Registers used:
		wreg, status,2, status,0, pclath, cstack
 Tracked objects:
		On entry : 
		On exit  : 
		Unchanged: 
 Data sizes:     COMMON   BANK0   BANK1   BANK3   BANK2
      Params:         1       0       0       0       0
      Locals:         3       0       0       0       0
      Temps:          2       0       0       0       0
      Totals:         6       0       0       0       0
Total ram usage:        6 bytes
 Hardware stack levels used:    1
 Hardware stack levels required when called:    1
 This function calls:
		_LCD_Cmd
 This function is called by:
		_main
 This function uses a non-reentrant model


 *************** function _LCD_Cmd *****************
 Defined at:
		line 17 in file "lcd.c"
 Parameters:    Size  Location     Type
  cmd             1    wreg     unsigned char 
 Auto vars:     Size  Location     Type
  cmd             1    2[COMMON] unsigned char 
 Return value:  Size  Location     Type
                  1    wreg      void 
 Registers used:
		wreg
 Tracked objects:
		On entry : 
		On exit  : 
		Unchanged: 
 Data sizes:     COMMON   BANK0   BANK1   BANK3   BANK2
      Params:         0       0       0       0       0
      Locals:         1       0       0       0       0
      Temps:          2       0       0       0       0
      Totals:         3       0       0       0       0
Total ram usage:        3 bytes
 Hardware stack levels used:    1
 This function calls:
		Nothing
 This function is called by:
		_LCD_Init
		_LCDGoto
 This function uses a non-reentrant model


 *************** function _Initialize_Bluetooth *****************
 Defined at:
		line 3 in file "bluetooth.c"
 Parameters:    Size  Location     Type
		None
 Auto vars:     Size  Location     Type
		None
 Return value:  Size  Location     Type
                  1    wreg      void 
 Registers used:
		wreg
 Tracked objects:
		On entry : 
		On exit  : 
		Unchanged: 
 Data sizes:     COMMON   BANK0   BANK1   BANK3   BANK2
      Params:         0       0       0       0       0
      Locals:         0       0       0       0       0
      Temps:          0       0       0       0       0
      Totals:         0       0       0       0       0
Total ram usage:        0 bytes
 Hardware stack levels used:    1
 This function calls:
		Nothing
 This function is called by:
		_main
 This function uses a non-reentrant model


 *************** function _Init_ADC *****************
 Defined at:
		line 9 in file "adc.c"
 Parameters:    Size  Location     Type
		None
 Auto vars:     Size  Location     Type
		None
 Return value:  Size  Location     Type
                  1    wreg      void 
 Registers used:
		None
 Tracked objects:
		On entry : 
		On exit  : 
		Unchanged: 
 Data sizes:     COMMON   BANK0   BANK1   BANK3   BANK2
      Params:         0       0       0       0       0
      Locals:         0       0       0       0       0
      Temps:          0       0       0       0       0
      Totals:         0       0       0       0       0
Total ram usage:        0 bytes
 Hardware stack levels used:    1
 This function calls:
		Nothing
 This function is called by:
		_main
 This function uses a non-reentrant model


 *************** function _BT_load_string *****************
 Defined at:
		line 51 in file "bluetooth.c"
 Parameters:    Size  Location     Type
  string          2    1[COMMON] PTR unsigned char 
		 -> main@mess(20), STR_1(32), 
 Auto vars:     Size  Location     Type
		None
 Return value:  Size  Location     Type
                  1    wreg      void 
 Registers used:
		wreg, fsr0l, fsr0h, status,2, status,0, btemp+1, pclath, cstack
 Tracked objects:
		On entry : 
		On exit  : 
		Unchanged: 
 Data sizes:     COMMON   BANK0   BANK1   BANK3   BANK2
      Params:         2       0       0       0       0
      Locals:         0       0       0       0       0
      Temps:          0       0       0       0       0
      Totals:         2       0       0       0       0
Total ram usage:        2 bytes
 Hardware stack levels used:    1
 Hardware stack levels required when called:    1
 This function calls:
		_BT_load_char
 This function is called by:
		_main
 This function uses a non-reentrant model


 *************** function _BT_load_char *****************
 Defined at:
		line 44 in file "bluetooth.c"
 Parameters:    Size  Location     Type
  byte            1    wreg     unsigned char 
 Auto vars:     Size  Location     Type
  byte            1    0[COMMON] unsigned char 
 Return value:  Size  Location     Type
                  1    wreg      void 
 Registers used:
		wreg
 Tracked objects:
		On entry : 
		On exit  : 
		Unchanged: 
 Data sizes:     COMMON   BANK0   BANK1   BANK3   BANK2
      Params:         0       0       0       0       0
      Locals:         1       0       0       0       0
      Temps:          0       0       0       0       0
      Totals:         1       0       0       0       0
Total ram usage:        1 bytes
 Hardware stack levels used:    1
 This function calls:
		Nothing
 This function is called by:
		_BT_load_string
 This function uses a non-reentrant model


 *************** function _BT_get_char *****************
 Defined at:
		line 61 in file "bluetooth.c"
 Parameters:    Size  Location     Type
		None
 Auto vars:     Size  Location     Type
		None
 Return value:  Size  Location     Type
                  1    wreg      unsigned char 
 Registers used:
		wreg
 Tracked objects:
		On entry : 
		On exit  : 
		Unchanged: 
 Data sizes:     COMMON   BANK0   BANK1   BANK3   BANK2
      Params:         0       0       0       0       0
      Locals:         0       0       0       0       0
      Temps:          0       0       0       0       0
      Totals:         0       0       0       0       0
Total ram usage:        0 bytes
 Hardware stack levels used:    1
 This function calls:
		Nothing
 This function is called by:
		_main
 This function uses a non-reentrant model



MODULE INFORMATION

Module		Function		Class		Link	Load	Size
C:\Program Files (x86)\Microchip\xc8\v2.10\pic\sources\c90\common\fleq.c
		___fleq        		CODE           	1CF3	0000	79

C:\Program Files (x86)\Microchip\xc8\v2.10\pic\sources\c90\common\fleq.c estimated size: 79

C:\Program Files (x86)\Microchip\xc8\v2.10\pic\sources\c90\common\lwdiv.c
		___lwdiv       		CODE           	1CAF	0000	69

C:\Program Files (x86)\Microchip\xc8\v2.10\pic\sources\c90\common\lwdiv.c estimated size: 69

C:\Program Files (x86)\Microchip\xc8\v2.10\pic\sources\c90\common\awdiv.c
		___awdiv       		CODE           	08D7	0000	106

C:\Program Files (x86)\Microchip\xc8\v2.10\pic\sources\c90\common\awdiv.c estimated size: 106

C:\Program Files (x86)\Microchip\xc8\v2.10\pic\sources\c90\common\fltol.c
		___fltol       		CODE           	0012	0000	125

C:\Program Files (x86)\Microchip\xc8\v2.10\pic\sources\c90\common\fltol.c estimated size: 125

C:\Program Files (x86)\Microchip\xc8\v2.10\pic\sources\c90\common\ftdivl.c
		__tdiv_to_l_   		CODE           	100F	0000	190

C:\Program Files (x86)\Microchip\xc8\v2.10\pic\sources\c90\common\ftdivl.c estimated size: 190

C:\Program Files (x86)\Microchip\xc8\v2.10\pic\sources\c90\common\Umul16.c
		___wmul        		CODE           	1BAA	0000	38

C:\Program Files (x86)\Microchip\xc8\v2.10\pic\sources\c90\common\Umul16.c estimated size: 38

C:\Program Files (x86)\Microchip\xc8\v2.10\pic\sources\c90\common\fldivl.c
		__div_to_l_    		CODE           	10CC	0000	191

C:\Program Files (x86)\Microchip\xc8\v2.10\pic\sources\c90\common\fldivl.c estimated size: 191

C:\Program Files (x86)\Microchip\xc8\v2.10\pic\sources\c90\common\sprcmul.c
		___flmul       		CODE           	0C9F	0000	866

C:\Program Files (x86)\Microchip\xc8\v2.10\pic\sources\c90\common\sprcmul.c estimated size: 866

C:\Program Files (x86)\Microchip\xc8\v2.10\pic\sources\c90\common\Umul8_16.c
		__Umul8_16     		CODE           	1BF5	0000	40

C:\Program Files (x86)\Microchip\xc8\v2.10\pic\sources\c90\common\Umul8_16.c estimated size: 40

C:\Program Files (x86)\Microchip\xc8\v2.10\pic\sources\c90\common\__lldiv.c
		___lldiv       		CODE           	1E3E	0000	103

C:\Program Files (x86)\Microchip\xc8\v2.10\pic\sources\c90\common\__lldiv.c estimated size: 103

C:\Program Files (x86)\Microchip\xc8\v2.10\pic\sources\c90\common\sprcdiv.c
		___fldiv       		CODE           	118A	0000	484

C:\Program Files (x86)\Microchip\xc8\v2.10\pic\sources\c90\common\sprcdiv.c estimated size: 484

adc.c
		_Init_ADC      		CODE           	1B08	0000	25

adc.c estimated size: 25

C:\Program Files (x86)\Microchip\xc8\v2.10\pic\sources\c90\common\flneg.c
		___flneg       		CODE           	0007	0000	12

C:\Program Files (x86)\Microchip\xc8\v2.10\pic\sources\c90\common\flneg.c estimated size: 12

C:\Program Files (x86)\Microchip\xc8\v2.10\pic\sources\c90\common\flge.c
		___flge        		CODE           	1EA4	0000	163

C:\Program Files (x86)\Microchip\xc8\v2.10\pic\sources\c90\common\flge.c estimated size: 163

C:\Program Files (x86)\Microchip\xc8\v2.10\pic\sources\c90\common\xxtofl.c
		___xxtofl      		CODE           	1F46	0000	187

C:\Program Files (x86)\Microchip\xc8\v2.10\pic\sources\c90\common\xxtofl.c estimated size: 187

shared
		__stringtab    		STRING         	0800	0000	17
		__powers_      		STRING         	0810	0000	53
		_dpowers       		STRING         	0878	0000	41
		__npowers_     		STRING         	0844	0000	53
		__initialization		CODE           	07D3	0000	42

shared estimated size: 206

C:\Program Files (x86)\Microchip\xc8\v2.10\pic\sources\c90\common\lwmod.c
		___lwmod       		CODE           	1C75	0000	59

C:\Program Files (x86)\Microchip\xc8\v2.10\pic\sources\c90\common\lwmod.c estimated size: 59

C:\Program Files (x86)\Microchip\xc8\v2.10\pic\sources\c90\common\awmod.c
		___awmod       		CODE           	1DE5	0000	90

C:\Program Files (x86)\Microchip\xc8\v2.10\pic\sources\c90\common\awmod.c estimated size: 90

lcd.c
		_LCD_Init      		CODE           	1B8B	0000	32
		_LCD_Cmd       		CODE           	1B3A	0000	27
		_LCD_Data      		CODE           	1B54	0000	27
		_putString     		CODE           	1C1C	0000	44
		_LCDGoto       		CODE           	1C47	0000	47

lcd.c estimated size: 177

C:\Program Files (x86)\Microchip\xc8\v2.10\pic\sources\c90\common\isdigit.c
		_isdigit       		CODE           	1ACF	0000	19

C:\Program Files (x86)\Microchip\xc8\v2.10\pic\sources\c90\common\isdigit.c estimated size: 19

C:\Program Files (x86)\Microchip\xc8\v2.10\pic\sources\c90\common\llmod.c
		___llmod       		CODE           	1D91	0000	85

C:\Program Files (x86)\Microchip\xc8\v2.10\pic\sources\c90\common\llmod.c estimated size: 85

C:\Program Files (x86)\Microchip\xc8\v2.10\pic\sources\c90\common\sprcadd.c
		___flsub       		CODE           	1D41	0000	81
		___fladd       		CODE           	1578	0000	649

C:\Program Files (x86)\Microchip\xc8\v2.10\pic\sources\c90\common\sprcadd.c estimated size: 730

bluetooth.c
		_Initialize_Bluetooth		CODE           	1B20	0000	27
		_BT_get_char   		CODE           	1AF4	0000	21
		_BT_load_char  		CODE           	1ABD	0000	19
		_BT_load_string		CODE           	1BCF	0000	39
		_broadcast_BT  		CODE           	08D2	0000	6

bluetooth.c estimated size: 112

C:\Program Files (x86)\Microchip\xc8\v2.10\pic\sources\c90\common\doprnt.c
		_scale         		CODE           	0940	0000	864
		_sprintf       		CODE           	0199	0000	1595
		_fround        		CODE           	136D	0000	524

C:\Program Files (x86)\Microchip\xc8\v2.10\pic\sources\c90\common\doprnt.c estimated size: 2983

main.c
		_main          		CODE           	008E	0000	268
		_Pin_Init      		CODE           	1B6E	0000	30

main.c estimated size: 298

